
    Hello world!
    This is an approval test!
    
